// Jest Snapshot v1, https://goo.gl/fbAQLP

exports[`ExtendedKey serializes to a string 1`] = `"{\\"type\\":\\"MnemonicPhrase\\",\\"extendedKey\\":\\"xpub6DreGKvTo5gf1tXu5N86sz922cFfACvEj8oUrL1nJAbngaMriFQDYk3vA1vpXXGyD5MtH2tbQ8JJScFki5TNSJtRF9T2Qq6ZNLSDhRk2bqc\\"}"`;
