// Jest Snapshot v1, https://goo.gl/fbAQLP

exports[`LedgerNodeHid serializes to a string 1`] = `"{\\"type\\":\\"NodeHID\\"}"`;
