// Jest Snapshot v1, https://goo.gl/fbAQLP

exports[`LedgerWebHID serializes to a string 1`] = `"{\\"type\\":\\"WebHID\\"}"`;
