// Jest Snapshot v1, https://goo.gl/fbAQLP

exports[`LedgerWebUSB serializes to a string 1`] = `"{\\"type\\":\\"WebUSB\\"}"`;
